#-----------------------------------------------------------
# Vivado v2021.2 (64-bit)
# SW Build 3367213 on Tue Oct 19 02:48:09 MDT 2021
# IP Build 3369179 on Thu Oct 21 08:25:16 MDT 2021
# Start of session at: Sun Dec 18 02:02:58 2022
# Process ID: 8548
# Current directory: C:/Users/Ron Ismaili/Desktop/University/Loyola/Courses/Computer Architecture/Lab work/Work in progress/LAB8/LAB8/LAB8.runs/synth_1
# Command line: vivado.exe -log CPU.vds -product Vivado -mode batch -messageDb vivado.pb -notrace -source CPU.tcl
# Log file: C:/Users/Ron Ismaili/Desktop/University/Loyola/Courses/Computer Architecture/Lab work/Work in progress/LAB8/LAB8/LAB8.runs/synth_1/CPU.vds
# Journal file: C:/Users/Ron Ismaili/Desktop/University/Loyola/Courses/Computer Architecture/Lab work/Work in progress/LAB8/LAB8/LAB8.runs/synth_1\vivado.jou
# Running On: DESKTOP-L07KQDJ, OS: Windows, CPU Frequency: 1190 MHz, CPU Physical cores: 4, Host memory: 8361 MB
#-----------------------------------------------------------
source CPU.tcl -notrace
